  0 tickets done, 300 to go
Loading weights:   0%|          | 0/202 [00:00<?, ?it/s]Loading weights: 100%|██████████| 202/202 [00:00<00:00, 20850.75it/s]
Loading weights:   0%|          | 0/338 [00:00<?, ?it/s]Loading weights: 100%|██████████| 338/338 [00:00<00:00, 7381.53it/s]
Fetching 2 files:   0%|          | 0/2 [00:00<?, ?it/s]Fetching 2 files: 100%|██████████| 2/2 [00:00<00:00, 5143.23it/s]
Fetching 2 files:   0%|          | 0/2 [00:00<?, ?it/s]Fetching 2 files:  50%|█████     | 1/2 [00:00<00:00,  3.21it/s]Fetching 2 files: 100%|██████████| 2/2 [00:03<00:00,  2.21s/it]Fetching 2 files: 100%|██████████| 2/2 [00:03<00:00,  1.92s/it]
Fetching 2 files:   0%|          | 0/2 [00:00<?, ?it/s]Fetching 2 files: 100%|██████████| 2/2 [00:00<00:00, 3477.86it/s]
  10/300 tickets
  20/300 tickets
  30/300 tickets
  40/300 tickets
  50/300 tickets
  60/300 tickets
  70/300 tickets
  80/300 tickets
  90/300 tickets
  100/300 tickets
  110/300 tickets
  120/300 tickets
  130/300 tickets
  140/300 tickets
  150/300 tickets
  160/300 tickets
  170/300 tickets
  180/300 tickets
  190/300 tickets
  200/300 tickets
  210/300 tickets
  220/300 tickets
  230/300 tickets
  240/300 tickets
  250/300 tickets
  260/300 tickets
  270/300 tickets
  280/300 tickets
  290/300 tickets
  300/300 tickets
